AAA1 #AAAA : AAAAAAAAAAAAAA1
AAA2 #AAAA : AAAAAAAAAAAAAA2
AAA2 #AAAA : AAAAAAAAAAAAAA3
AAA2 #AAAA : AAAAAAAAAAAAAA4
AAA1 #AAAA : AAAAAAAAAAAAAA5
AAA1 #AAAA : AAAAAAAAAAAAAA6
AAA1 #AAAA : AAAAAAAAAAAAAA7
AAA2 #AAAA : AAAAAAAAAAAAAA8
AAA1 #AAAA : AAAAAAAAAAAAAA9
AAA1 #AAAA : AAAAAAAAAAAAA10
NULL
AAA1 #AAAA : AAAAAAAAAAAAAA1
AAA2 #AAAA : AAAAAAAAAAAAAA2
AAA2 #AAAA : AAAAAAAAAAAAAA3
AAA2 #AAAA : AAAAAAAAAAAAAA4
AAA1 #AAAA : AAAAAAAAAAAAAA5
AAA1 #AAAA : AAAAAAAAAAAAAA6
AAA1 #AAAA : AAAAAAAAAAAAAA7
AAA2 #AAAA : AAAAAAAAAAAAAA8
AAA1 #AAAA : AAAAAAAAAAAAAA9
AAA1 #AAAA : AAAAAAAAAAAAA10
NULL
