AAAA #AAAA3 : AAAAAAAAAAAAAA3
AAAA #AAAA9 : AAAAAAAAAAAAAA9
AAAA #AAA10 : AAAAAAAAAAAAA10
AAAA #AAAA1 : AAAAAAAAAAAAAA1
AAAA #AAAA5 : AAAAAAAAAAAAAA5
AAAA #AAAA8 : AAAAAAAAAAAAAA8
AAAA #AAAA4 : AAAAAAAAAAAAAA4
AAAA #AAAA2 : AAAAAAAAAAAAAA2
AAAA #AAAA7 : AAAAAAAAAAAAAA7
AAAA #AAAA6 : AAAAAAAAAAAAAA6
