@Wallace #Invention : It's time we tried my latest invention, the Mind Manipulation-omatic. It extracts unwanted thoughts and desires.
@Wallace #Invention : I haven't tested it yet, but it should be perfectly safe. Just a bit of harmless brain alteration, that's all.
NULL
@Wallace #Cheese : I do like a bit of gorgonzola.
@Wendolene #Cheese : Oh no, not cheese. Sorry. Brings me out in a rash. Can't stand the stuff.
@Wallace #Cheese : I'm just crackers about cheese!
