NULL
@Charlie #Infinity : uIJUgCA6HWtef8lYQL4RWViq8novxu
@Jack #Infinity : GUq76QjciIXwhBNujyI5WW9vczNvTj
NULL
@Charlie #ModernTimes : KuZW7NR UM6fRH0FM nRONkoZIM3Sz
@Charlie #Infinity : ycU3TXbHA8osUk35GdY6TXVhjFP3Lf
@Charlie #Infinity : wpOah3z1JPkdrqhJHDubCaODZ0KX9W
@BuzzLightYear #Infinity : IXpxzAlI9s47us5 KlQ7nPsSBKLbAp
@BuzzLightYear #Pumpkin : H5 fXwfMytU4S9eXQ7ymVNysPrTfLn
@Jack #Pumpkin : QGEt7glVESoDNLqeAHrrI6vgBYPhsg
@Charlie #Pumpkin : 7lipHexFcrjUxYBJ3xQnBPmL6pqX1y
@Charlie #Pumpkin : K06Vjxp MUAWcKYKVsYO65jj5egYiZ
@Jack #Pumpkin : dmJ0lk7yxmQhQ7P4o0EHf7QqfE6xVH
@Jack #ModernTimes : uBXVChPzDxV3RmoJlsmBAdzVcu31wS
@Jack #ModernTimes : uBXVChPzDxV3RmoJlsmBAdzVcu31wS
@Jack #ModernTimes : W6yhLxnF3V6F0I 1NY477sfx0556KW
@Charlie #Pumpkin : A4pBtdXJV2TMH7mza7elO9mQrKiLNE
@Charlie #Pumpkin : KcM752TmgcKgWPuwSlH0C7xm2elR r
@Jack #Pumpkin : wWZnGk 1sq4kX0UfBJPS3JnvpmeQ2a
@BuzzLightYear #Pumpkin : uZ0tRwFZQOVU1sQUcREsVTy3bC5Zl5
@BuzzLightYear #Pumpkin : 9uMnSIxVpOx5JHupkGc4k1Sngu1OsQ
@Charlie #Pumpkin : AK kRu8fJWj27 MeU1hNxb3EqDrEzc
@Charlie #Pumpkin : j5Wv5g2QGyato6LR19pBiykdbqIKcO
@Charlie #Pumpkin : 5ef5Oba6 u1iMeeDYIz7NTfBzGB2pJ
